
> agentium@0.1.0 build:prod
> ng build -c production

❯ Building...
✔ Building...
Initial chunk files | Names                                |  Raw size | Estimated transfer size
chunk-RT7RQIVN.js   | -                                    | 202.60 kB |                60.66 kB
chunk-LAGAYYJO.js   | -                                    | 176.95 kB |                52.24 kB
styles-S6CERU4C.css | styles                               | 145.05 kB |                21.67 kB
chunk-UMLQQSP2.js   | -                                    |  73.90 kB |                18.43 kB
chunk-SSPAJT6Z.js   | -                                    |  51.56 kB |                12.96 kB
chunk-7RFQWHC3.js   | -                                    |  40.61 kB |                 9.39 kB
chunk-WUQL22CF.js   | -                                    |  27.97 kB |                 7.97 kB
chunk-YLVU3QC2.js   | -                                    |  25.62 kB |                 5.90 kB
main-D7ZD5O42.js    | main                                 |  24.97 kB |                 7.58 kB
chunk-ZHNEGG73.js   | -                                    |  19.67 kB |                 4.23 kB
chunk-VTT7MQJV.js   | -                                    |  17.75 kB |                 5.24 kB
chunk-A5WTHYPT.js   | -                                    |  17.13 kB |                 5.42 kB
chunk-2FJDOUEY.js   | -                                    |  13.01 kB |                 4.08 kB
chunk-VDK3CAVZ.js   | -                                    |  10.71 kB |                 3.00 kB
chunk-BNTXODFP.js   | -                                    |  10.20 kB |                 3.05 kB
chunk-JWTNUXIP.js   | -                                    |   8.26 kB |                 1.93 kB
chunk-MLX23HCS.js   | -                                    |   6.98 kB |                 2.34 kB
chunk-CYTBT45Q.js   | -                                    |   3.98 kB |                 1.05 kB
chunk-OH3AMZLS.js   | -                                    |   3.34 kB |                 1.37 kB
chunk-TFLHHF5B.js   | -                                    |   1.58 kB |               598 bytes
chunk-VB56BUGO.js   | -                                    |   1.38 kB |               602 bytes
chunk-L7W2ANPF.js   | -                                    |   1.30 kB |               574 bytes
chunk-IKYH24E3.js   | -                                    |   1.17 kB |               395 bytes
chunk-6NROYWO7.js   | -                                    |   1.10 kB |               453 bytes
chunk-COK45VVK.js   | -                                    | 800 bytes |               800 bytes
chunk-K7WBSYBP.js   | -                                    | 547 bytes |               547 bytes
chunk-YXVZSGI6.js   | -                                    | 461 bytes |               461 bytes
chunk-KTDHJJS7.js   | -                                    | 446 bytes |               446 bytes

                    | Initial total                        | 889.04 kB |               233.39 kB

Lazy chunk files    | Names                                |  Raw size | Estimated transfer size
chunk-Z5JDEHHQ.js   | -                                    |   1.09 MB |               195.39 kB
chunk-UZQPTXNR.js   | flow-builder-component               |   1.06 MB |               198.76 kB
chunk-5X43FOUX.js   | maplibre-gl                          |   1.04 MB |               231.15 kB
chunk-PJBYCQ6F.js   | -                                    | 932.01 kB |               121.17 kB
chunk-PULQP232.js   | livekit-client-esm                   | 523.05 kB |               113.89 kB
chunk-IDX7VVCL.js   | mission-room-provider-host-component | 411.34 kB |                71.60 kB
chunk-SJBNBFGZ.js   | -                                    | 406.02 kB |               100.66 kB
chunk-4FCKPKFQ.js   | knowledge-capture-component          | 387.54 kB |                67.40 kB
chunk-OT5RUOHS.js   | -                                    | 286.24 kB |                52.97 kB
chunk-LSPAXI27.js   | capture-fil-shell-component          | 274.25 kB |                48.36 kB
chunk-SMBFJVD2.js   | -                                    | 211.94 kB |                49.66 kB
chunk-4MF5JBJI.js   | -                                    | 200.91 kB |                56.58 kB
chunk-6X2ULMAM.js   | editor-component                     | 188.65 kB |                30.12 kB
chunk-C26KCLSZ.js   | index                                | 159.25 kB |                35.47 kB
chunk-5PFYKM4W.js   | -                                    | 158.64 kB |                38.46 kB
...and 203 more lazy chunks files. Use "--verbose" to show all the files.

Application bundle generation complete. [25.679 seconds] - 2026-09-17T05:21:00.668Z

▲ [WARNING] NG8107: The left side of this optional chain operation does not include 'null' or 'undefined' in its type, therefore the '?.' operator can be replaced with the '.' operator. [plugin angular-compiler]

    src/app/features/mission-room/vp-map-preview.component.ts:268:63:
      268 │ ...  {{ vessels.length }}/{{ vesselsResponse.vessels?.length || 0 }}
          ╵                                                       ~~~~~~


▲ [WARNING] NG8107: The left side of this optional chain operation does not include 'null' or 'undefined' in its type, therefore the '?.' operator can be replaced with the '.' operator. [plugin angular-compiler]

    src/app/features/observability/quality-evidence-charts.component.ts:18:74:
      18 │ ...point.y" [attr.r]="selected()?.id===point.row.id?9:6" class="po...
         ╵                                   ~~


▲ [WARNING] NG8107: The left side of this optional chain operation does not include 'null' or 'undefined' in its type, therefore the '?.' operator can be replaced with the '.' operator. [plugin angular-compiler]

    src/app/features/observability/quality-evidence-charts.component.ts:26:102:
      26 │ ...l" [class.active]="selected()?.id===row.id" [class.absent]="val...
         ╵                                   ~~


▲ [WARNING] bundle initial exceeded maximum budget. Budget 500.00 kB was not met by 389.04 kB with a total of 889.04 kB.


▲ [WARNING] angular:styles/component:css;38f2d40a4c30bb781702f226823093d6d860156924dd046ad122d90fa0eaecb4;/Users/thibaudishacian/Developer/DATATEGY/papAI/omnirag-brd-roadmap/frontend-ng/src/app/features/chat/chat-panel.component.ts exceeded maximum budget. Budget 24.00 kB was not met by 4.85 kB with a total of 28.85 kB.


▲ [WARNING] angular:styles/component:css;47012a13bd38476ceac9cce34114efc0f041815268bd4a462f4509aa8c474c89;/Users/thibaudishacian/Developer/DATATEGY/papAI/omnirag-brd-roadmap/frontend-ng/src/app/features/mission-room/mission-room.component.ts exceeded maximum budget. Budget 24.00 kB was not met by 23.97 kB with a total of 47.97 kB.


▲ [WARNING] Module 'maplibre-gl' used by 'src/app/features/mission-room/workspace-map.component.ts' is not ESM

  CommonJS or AMD dependencies can cause optimization bailouts.
  For more information see: https://angular.dev/tools/cli/build#configuring-commonjs-dependencies


▲ [WARNING] Module 'dagre' used by '../../omnirag/frontend-ng/node_modules/@foblex/flow-dagre-layout/fesm2022/foblex-flow-dagre-layout.mjs' is not ESM

  CommonJS or AMD dependencies can cause optimization bailouts.
  For more information see: https://angular.dev/tools/cli/build#configuring-commonjs-dependencies


▲ [WARNING] Module 'earcut' used by '../../omnirag/frontend-ng/node_modules/@deck.gl/layers/dist/solid-polygon-layer/polygon.js' is not ESM

  CommonJS or AMD dependencies can cause optimization bailouts.
  For more information see: https://angular.dev/tools/cli/build#configuring-commonjs-dependencies


Output location: /Users/thibaudishacian/Developer/DATATEGY/papAI/omnirag-brd-roadmap/frontend-ng/dist/agentium

