
> agentium@0.1.0 build:prod
> ng build -c production

❯ Building...
✔ Building...
Initial chunk files | Names                             |  Raw size | Estimated transfer size
chunk-IDBQN7SJ.js   | -                                 | 202.60 kB |                60.58 kB
chunk-WRFLLE56.js   | -                                 | 177.23 kB |                52.27 kB
styles-OWO4FZSB.css | styles                            | 146.56 kB |                21.66 kB
chunk-K3WL4PMI.js   | -                                 |  73.91 kB |                18.42 kB
chunk-LOFMH7DD.js   | -                                 |  51.56 kB |                13.01 kB
main-RVANE6NY.js    | main                              |  40.00 kB |                11.17 kB
chunk-NX52275U.js   | -                                 |  38.20 kB |                 9.07 kB
chunk-JPR4A5NR.js   | -                                 |  28.34 kB |                 6.55 kB
chunk-TLVNIY4L.js   | -                                 |  27.73 kB |                 7.94 kB
chunk-M5WJM6HE.js   | -                                 |  19.67 kB |                 4.21 kB
chunk-FOLI7V7V.js   | -                                 |  17.75 kB |                 5.24 kB
chunk-CVJMTRCM.js   | -                                 |  13.20 kB |                 4.33 kB
chunk-THG6XUKL.js   | -                                 |  13.01 kB |                 4.08 kB
chunk-NNZQRJNB.js   | -                                 |  10.31 kB |                 3.08 kB
chunk-6KUEKKPB.js   | -                                 |   8.26 kB |                 1.93 kB
chunk-OJM4VP25.js   | -                                 |   6.98 kB |                 2.39 kB
chunk-Q3UZQNM3.js   | -                                 |   6.67 kB |                 2.22 kB
chunk-S6AWGWX4.js   | -                                 |   4.64 kB |                 1.65 kB
chunk-CYTBT45Q.js   | -                                 |   3.98 kB |                 1.05 kB
chunk-DMWJKMNQ.js   | -                                 |   3.34 kB |                 1.37 kB
chunk-LC7Q32NJ.js   | -                                 |   2.64 kB |                 1.02 kB
chunk-SHMVLFA5.js   | -                                 |   2.18 kB |               783 bytes
chunk-MQ5LBKKU.js   | -                                 |   1.93 kB |               808 bytes
chunk-HZ6M6AS2.js   | -                                 |   1.32 kB |               570 bytes
chunk-4AM6UFHX.js   | -                                 |   1.30 kB |               572 bytes
chunk-5LPPXKKU.js   | -                                 |   1.17 kB |               397 bytes
chunk-GF3N6B3I.js   | -                                 |   1.11 kB |               529 bytes
chunk-2CZ5WU4R.js   | -                                 |   1.10 kB |               452 bytes
chunk-C2OACA7Z.js   | -                                 | 944 bytes |               944 bytes
chunk-K23YWTBE.js   | -                                 | 898 bytes |               898 bytes
chunk-HXUYM3DQ.js   | -                                 | 547 bytes |               547 bytes
chunk-ZPKOT3MC.js   | -                                 | 461 bytes |               461 bytes
chunk-KTDHJJS7.js   | -                                 | 446 bytes |               446 bytes
chunk-CKKSOYOE.js   | -                                 | 228 bytes |               228 bytes

                    | Initial total                     | 910.22 kB |               240.87 kB

Lazy chunk files    | Names                             |  Raw size | Estimated transfer size
chunk-BFPGVVDM.js   | -                                 |   1.27 MB |               225.20 kB
chunk-TQUJQYV6.js   | flow-builder-component            |   1.09 MB |               203.67 kB
chunk-Q22GHSAR.js   | -                                 | 939.35 kB |               122.86 kB
chunk-B4RRZOKF.js   | livekit-client-esm                | 523.05 kB |               114.02 kB
chunk-ZHJA6JTR.js   | knowledge-capture-component       | 387.82 kB |                67.51 kB
chunk-635D6XNH.js   | -                                 | 354.00 kB |                65.69 kB
chunk-NDUGRDAI.js   | capture-fil-shell-component       | 274.56 kB |                48.37 kB
chunk-73SWSCGB.js   | -                                 | 200.91 kB |                56.65 kB
chunk-7IDEARCW.js   | editor-component                  | 197.79 kB |                31.26 kB
chunk-NPHGTC3C.js   | shell-component                   | 194.74 kB |                36.40 kB
chunk-ZTZC5LCG.js   | hypervisor-v2-component           | 181.03 kB |                35.58 kB
chunk-LSFBVIKZ.js   | system-view-component             | 180.63 kB |                38.10 kB
chunk-A53FKRTS.js   | client360-page-component          | 127.71 kB |                23.14 kB
chunk-FBIH65U7.js   | work-shell-component              | 120.73 kB |                20.32 kB
chunk-BQCNLQRA.js   | chat-knowledge-settings-component | 120.39 kB |                20.11 kB
...and 205 more lazy chunks files. Use "--verbose" to show all the files.

Application bundle generation complete. [72.006 seconds] - 2026-09-30T08:04:51.507Z

▲ [WARNING] NG8113: RouterLink is not used within the template of AdoptionPageComponent [plugin angular-compiler]

    src/app/features/experience/work/adoption-journey.component.ts:357:38:
      357 │ ...AdoptionJourneyComponent, RouterLink, WorkBarComponent, WorkAp...
          ╵                              ~~~~~~~~~~


▲ [WARNING] NG8113: RouterLink is not used within the template of WorkAutomationComponent [plugin angular-compiler]

    src/app/features/experience/work/work-automation.component.ts:17:12:
      17 │   imports: [RouterLink, WorkBarComponent, WorkAppHeaderComponent],
         ╵             ~~~~~~~~~~


▲ [WARNING] NG8102: The left side of this nullish coalescing operation does not include 'null' or 'undefined' in its type, therefore the '??' operator can be safely removed. [plugin angular-compiler]

    src/app/features/experience/work/work-shell.component.ts:211:33:
      211 │                         [value]="reasons()[run.id] ?? ''"
          ╵                                  ~~~~~~~~~~~~~~~~~~~~~~~


▲ [WARNING] NG8107: The left side of this optional chain operation does not include 'null' or 'undefined' in its type, therefore the '?.' operator can be replaced with the '.' operator. [plugin angular-compiler]

    src/app/features/observability/quality-evidence-charts.component.ts:18:74:
      18 │ ...point.y" [attr.r]="selected()?.id===point.row.id?9:6" class="po...
         ╵                                   ~~


▲ [WARNING] NG8107: The left side of this optional chain operation does not include 'null' or 'undefined' in its type, therefore the '?.' operator can be replaced with the '.' operator. [plugin angular-compiler]

    src/app/features/observability/quality-evidence-charts.component.ts:26:102:
      26 │ ...l" [class.active]="selected()?.id===row.id" [class.absent]="val...
         ╵                                   ~~


▲ [WARNING] bundle initial exceeded maximum budget. Budget 500.00 kB was not met by 410.22 kB with a total of 910.22 kB.


▲ [WARNING] angular:styles/component:css;1e2e3b700aa2f54453b2632f5e084fc81ed7fac6739fe264b0fab0435c42b79b;/Users/thibaudishacian/Developer/DATATEGY/papAI/omnirag-ux-l2/frontend-ng/src/app/features/chat/chat-panel.component.ts exceeded maximum budget. Budget 24.00 kB was not met by 12.80 kB with a total of 36.80 kB.


▲ [WARNING] src/app/features/experience/work/work.scss exceeded maximum budget. Budget 24.00 kB was not met by 7.97 kB with a total of 31.97 kB.


▲ [WARNING] src/app/features/experience/studio/studio.scss exceeded maximum budget. Budget 24.00 kB was not met by 1.78 kB with a total of 25.78 kB.


▲ [WARNING] Module 'dagre' used by '../../omnirag/frontend-ng/node_modules/@foblex/flow-dagre-layout/fesm2022/foblex-flow-dagre-layout.mjs' is not ESM

  CommonJS or AMD dependencies can cause optimization bailouts.
  For more information see: https://angular.dev/tools/cli/build#configuring-commonjs-dependencies


Output location: /Users/thibaudishacian/Developer/DATATEGY/papAI/omnirag-ux-l2/frontend-ng/dist/agentium
