
> agentium@0.1.0 build:prod
> ng build -c production

❯ Building...
✔ Building...
Initial chunk files | Names                                |  Raw size | Estimated transfer size
chunk-RT7RQIVN.js   | -                                    | 202.60 kB |                60.66 kB
chunk-2URIQKFE.js   | -                                    | 176.80 kB |                52.18 kB
styles-S6CERU4C.css | styles                               | 145.05 kB |                21.67 kB
chunk-CIW6R55D.js   | -                                    |  73.90 kB |                18.43 kB
chunk-4AQKVDTB.js   | -                                    |  51.56 kB |                13.01 kB
chunk-5MJGHXPH.js   | -                                    |  40.61 kB |                 9.40 kB
chunk-ES3JSZKB.js   | -                                    |  27.97 kB |                 7.96 kB
chunk-6ZS6GMDY.js   | -                                    |  25.59 kB |                 5.90 kB
main-TLBIGDDK.js    | main                                 |  24.97 kB |                 7.55 kB
chunk-K4MFWTZU.js   | -                                    |  19.67 kB |                 4.23 kB
chunk-YFS3DZEG.js   | -                                    |  17.75 kB |                 5.24 kB
chunk-7PKEH76G.js   | -                                    |  17.13 kB |                 5.42 kB
chunk-E6YRSG74.js   | -                                    |  13.01 kB |                 4.08 kB
chunk-TJIFLFWI.js   | -                                    |  10.71 kB |                 3.01 kB
chunk-A43MMQXS.js   | -                                    |  10.20 kB |                 3.05 kB
chunk-I3HQKBGB.js   | -                                    |   8.26 kB |                 1.93 kB
chunk-MLX23HCS.js   | -                                    |   6.98 kB |                 2.34 kB
chunk-CYTBT45Q.js   | -                                    |   3.98 kB |                 1.05 kB
chunk-MBJPZFEP.js   | -                                    |   3.34 kB |                 1.37 kB
chunk-D5ZZZ6I2.js   | -                                    |   1.58 kB |               596 bytes
chunk-VB56BUGO.js   | -                                    |   1.38 kB |               602 bytes
chunk-FXBANWDF.js   | -                                    |   1.30 kB |               569 bytes
chunk-BQ5S2PWU.js   | -                                    |   1.17 kB |               394 bytes
chunk-U7PBDG2I.js   | -                                    |   1.10 kB |               469 bytes
chunk-E7BR7HTD.js   | -                                    | 800 bytes |               800 bytes
chunk-P5LB7E4T.js   | -                                    | 547 bytes |               547 bytes
chunk-W3ZPRSIS.js   | -                                    | 461 bytes |               461 bytes
chunk-KTDHJJS7.js   | -                                    | 446 bytes |               446 bytes

                    | Initial total                        | 888.86 kB |               233.37 kB

Lazy chunk files    | Names                                |  Raw size | Estimated transfer size
chunk-QYQGKHQZ.js   | -                                    |   1.07 MB |               193.05 kB
chunk-TSKRDGYV.js   | flow-builder-component               |   1.06 MB |               198.48 kB
chunk-5X43FOUX.js   | maplibre-gl                          |   1.04 MB |               231.15 kB
chunk-DMHMFLYD.js   | -                                    | 929.65 kB |               120.78 kB
chunk-PULQP232.js   | livekit-client-esm                   | 523.05 kB |               113.89 kB
chunk-6N5SSMYX.js   | mission-room-provider-host-component | 411.34 kB |                71.68 kB
chunk-SJBNBFGZ.js   | -                                    | 406.02 kB |               100.66 kB
chunk-NOHBC7OK.js   | knowledge-capture-component          | 387.00 kB |                67.30 kB
chunk-WK4W7OVV.js   | -                                    | 272.88 kB |                49.84 kB
chunk-5SJBUZCN.js   | capture-fil-shell-component          | 272.17 kB |                48.00 kB
chunk-SMBFJVD2.js   | -                                    | 211.94 kB |                49.66 kB
chunk-4MF5JBJI.js   | -                                    | 200.91 kB |                56.58 kB
chunk-JBC62GCE.js   | editor-component                     | 188.65 kB |                30.12 kB
chunk-C26KCLSZ.js   | index                                | 159.25 kB |                35.47 kB
chunk-DJQXYP7P.js   | -                                    | 156.76 kB |                37.82 kB
...and 205 more lazy chunks files. Use "--verbose" to show all the files.

Application bundle generation complete. [36.088 seconds] - 2026-09-16T19:10:34.334Z

▲ [WARNING] NG8107: The left side of this optional chain operation does not include 'null' or 'undefined' in its type, therefore the '?.' operator can be replaced with the '.' operator. [plugin angular-compiler]

    src/app/features/mission-room/vp-map-preview.component.ts:268:63:
      268 │ ...  {{ vessels.length }}/{{ vesselsResponse.vessels?.length || 0 }}
          ╵                                                       ~~~~~~


▲ [WARNING] NG8107: The left side of this optional chain operation does not include 'null' or 'undefined' in its type, therefore the '?.' operator can be replaced with the '.' operator. [plugin angular-compiler]

    src/app/features/observability/quality-evidence-charts.component.ts:18:74:
      18 │ ...point.y" [attr.r]="selected()?.id===point.row.id?9:6" class="po...
         ╵                                   ~~


▲ [WARNING] NG8107: The left side of this optional chain operation does not include 'null' or 'undefined' in its type, therefore the '?.' operator can be replaced with the '.' operator. [plugin angular-compiler]

    src/app/features/observability/quality-evidence-charts.component.ts:26:102:
      26 │ ...l" [class.active]="selected()?.id===row.id" [class.absent]="val...
         ╵                                   ~~


▲ [WARNING] bundle initial exceeded maximum budget. Budget 500.00 kB was not met by 388.86 kB with a total of 888.86 kB.


▲ [WARNING] angular:styles/component:css;4be1915ab9b3ca0e39cb5ece6234fe1aad8f08fc0a7ad22b9e5e14e33dc042c2;/Users/thibaudishacian/Developer/DATATEGY/papAI/omnirag-brd-roadmap/frontend-ng/src/app/features/chat/chat-panel.component.ts exceeded maximum budget. Budget 24.00 kB was not met by 4.75 kB with a total of 28.75 kB.


▲ [WARNING] angular:styles/component:css;47012a13bd38476ceac9cce34114efc0f041815268bd4a462f4509aa8c474c89;/Users/thibaudishacian/Developer/DATATEGY/papAI/omnirag-brd-roadmap/frontend-ng/src/app/features/mission-room/mission-room.component.ts exceeded maximum budget. Budget 24.00 kB was not met by 23.97 kB with a total of 47.97 kB.


▲ [WARNING] Module 'maplibre-gl' used by 'src/app/features/mission-room/workspace-map.component.ts' is not ESM

  CommonJS or AMD dependencies can cause optimization bailouts.
  For more information see: https://angular.dev/tools/cli/build#configuring-commonjs-dependencies


▲ [WARNING] Module 'dagre' used by '../../omnirag/frontend-ng/node_modules/@foblex/flow-dagre-layout/fesm2022/foblex-flow-dagre-layout.mjs' is not ESM

  CommonJS or AMD dependencies can cause optimization bailouts.
  For more information see: https://angular.dev/tools/cli/build#configuring-commonjs-dependencies


▲ [WARNING] Module 'earcut' used by '../../omnirag/frontend-ng/node_modules/@deck.gl/layers/dist/solid-polygon-layer/polygon.js' is not ESM

  CommonJS or AMD dependencies can cause optimization bailouts.
  For more information see: https://angular.dev/tools/cli/build#configuring-commonjs-dependencies


Output location: /Users/thibaudishacian/Developer/DATATEGY/papAI/omnirag-brd-roadmap/frontend-ng/dist/agentium
