TAP version 13
# Subtest: every node card exposes an accessible, lock-aware delete control
ok 1 - every node card exposes an accessible, lock-aware delete control
  ---
  duration_ms: 0.832458
  type: 'test'
  ...
# Subtest: the node trash keeps a 24px hit area that head-row crowding cannot shrink
ok 2 - the node trash keeps a 24px hit area that head-row crowding cannot shrink
  ---
  duration_ms: 0.422166
  type: 'test'
  ...
# Subtest: the inspector deletes the selected node through the same store mutation
ok 3 - the inspector deletes the selected node through the same store mutation
  ---
  duration_ms: 1.430209
  type: 'test'
  ...
# Subtest: global Delete and Backspace use the interactive-surface guard
ok 4 - global Delete and Backspace use the interactive-surface guard
  ---
  duration_ms: 0.897458
  type: 'test'
  ...
# Subtest: toolbar keeps palette, inspector, focus, compact and workbench as explicit controls
ok 5 - toolbar keeps palette, inspector, focus, compact and workbench as explicit controls
  ---
  duration_ms: 0.515542
  type: 'test'
  ...
# Subtest: authoring is the default toolbar surface and operating is one disclosure away
ok 6 - authoring is the default toolbar surface and operating is one disclosure away
  ---
  duration_ms: 0.545833
  type: 'test'
  ...
# Subtest: the runtime manifest is collapsed until asked for and the empty canvas offers one way in
ok 7 - the runtime manifest is collapsed until asked for and the empty canvas offers one way in
  ---
  duration_ms: 0.886625
  type: 'test'
  ...
# Subtest: the inspector exposes the AgentLoop envelope and a HumanGate that resumes
ok 8 - the inspector exposes the AgentLoop envelope and a HumanGate that resumes
  ---
  duration_ms: 0.360916
  type: 'test'
  ...
# Subtest: canvas and accessible outline are synchronized FlowStore projections
ok 9 - canvas and accessible outline are synchronized FlowStore projections
  ---
  duration_ms: 0.799542
  type: 'test'
  ...
# Subtest: outline connector picker mirrors rendered ports and filters self-loops and primitive mismatches
ok 10 - outline connector picker mirrors rendered ports and filters self-loops and primitive mismatches
  ---
  duration_ms: 0.747583
  type: 'test'
  ...
# Subtest: palette search exposes one real combobox/listbox active-descendant contract
ok 11 - palette search exposes one real combobox/listbox active-descendant contract
  ---
  duration_ms: 0.630333
  type: 'test'
  ...
# Subtest: builder focus mode has a native-fullscreen path and a CSS fallback
ok 12 - builder focus mode has a native-fullscreen path and a CSS fallback
  ---
  duration_ms: 0.295834
  type: 'test'
  ...
# Subtest: builder mounts one ephemeral workbench and never exposes it on scratchpad
ok 13 - builder mounts one ephemeral workbench and never exposes it on scratchpad
  ---
  duration_ms: 0.829959
  type: 'test'
  ...
# Subtest: closing the inspector preserves graph selection and later selection reopens it
ok 14 - closing the inspector preserves graph selection and later selection reopens it
  ---
  duration_ms: 0.308166
  type: 'test'
  ...
# Subtest: retrieval scope remains a per-node inspector contract
ok 15 - retrieval scope remains a per-node inspector contract
  ---
  duration_ms: 0.220459
  type: 'test'
  ...
# Subtest: version preview is semantic while unloaded rows are explicitly count-only
ok 16 - version preview is semantic while unloaded rows are explicitly count-only
  ---
  duration_ms: 0.48075
  type: 'test'
  ...
1..16
# tests 16
# suites 0
# pass 16
# fail 0
# cancelled 0
# skipped 0
# todo 0
# duration_ms 61.862375
