agentium-worker-recipes agentium-worker:f6b73cff68da Up 11 seconds
agentium-worker-cpu agentium-worker:f6b73cff68da Up 11 seconds
agentium-p4-maintenance agentium-worker:f6b73cff68da Up 11 seconds
agentium-backend agentium-backend:f6b73cff68da Up 11 seconds (health: starting)
agentium-frontend agentium-frontend:f6b73cff68da Up 11 seconds (healthy)
agentium-beat agentium-worker:f6b73cff68da Up 11 seconds
agentium-sftp af7ef7a728e8 Up 7 days (healthy)
agentium-rabbitmq rabbitmq:4.1-management Up 7 days (healthy)
qdrant qdrant/qdrant:v1.12.5-unprivileged Up 7 days (healthy)
agentium-minio minio/minio:RELEASE.2025-04-22T22-12-26Z Up 7 days (healthy)
agentium-livekit-agent agentium-livekit-agent:local Up 7 days (healthy)
agentium-livekit livekit/livekit-server:v1.12.0 Up 7 days
agentium-kc quay.io/keycloak/keycloak:26.1.4 Up 7 days (healthy)
agentium-pg 7ad98329d513 Up 7 days (healthy)
curl: (22) The requested URL returned error: 502

Homepage 200
0
agentium-backend:f6b73cff68da Up 49 seconds (healthy)
{"service":"backend","revision":"f6b73cff68da87be6f93e4598326105ea57f1d96","revision_verified":true,"version":"1.0.0-demo"}
Homepage 200
0
