
Running 12 tests using 1 worker

  ✘   1 [chromium] › e2e/tests/11-system360-canary.spec.ts:390:7 › Lot 6 — authenticated System 360 canary › four honest projections preserve one System and deployed revision (6.5s)
  ✓   2 [chromium] › e2e/tests/12-protected-runner-canaries.spec.ts:813:7 › Release A — protected runner content-free canaries › business application routes and Client360 dry-run (32.2s)
  ✓   3 [chromium] › e2e/tests/12-protected-runner-canaries.spec.ts:862:9 › Release A — protected runner content-free canaries › sentinel branding and action packs stay isolated (6.1s)
  ✓   4 [chromium] › e2e/tests/12-protected-runner-canaries.spec.ts:862:9 › Release A — protected runner content-free canaries › octocity branding and action packs stay isolated (1.9s)
  ✓   5 [chromium] › e2e/tests/12-protected-runner-canaries.spec.ts:880:7 › Release A — protected runner content-free canaries › authenticated LiveKit config exposes state without a token (905ms)
  ✓   6 [chromium] › e2e/tests/12-protected-runner-canaries.spec.ts:895:7 › Release A — protected runner content-free canaries › microphone is not granted while Capture remains accessible (1.9s)
  ✓   7 [chromium] › e2e/tests/16-experience-work-canary.spec.ts:52:7 › US-8 — Experience /work canary › opens the launcher or a deployed app without cockpit chrome (18.4s)
  -   8 [chromium] › e2e/tests/16-experience-work-canary.spec.ts:157:7 › Adoption local contract › keeps a non-modal companion through navigation and serves bilingual guides
  -   9 [chromium] › e2e/tests/16-experience-work-canary.spec.ts:237:7 › White labelling local contract › edits workspace identity, persists it and renders an application from its release
  ✓  10 [chromium] › e2e/tests/17-experience-studio-canary.spec.ts:288:7 › US-8 — Experience Studio lifecycle canary › creates, saves, checks and releases a real application from scratch (31.9s)
  ✓  11 [chromium] › e2e/tests/20-hypervisor-v2-canary.spec.ts:266:7 › Hypervisor V2 — instrumented ledger canary › flag off keeps V1; flag on serves the tonal ledger, facets, honesty (11.1s)
  ✓  12 [chromium] › e2e/tests/23-observability-evidence-canary.spec.ts:6:5 › evaluation and chart inspection retain the exact Run (11.8s)


  1) [chromium] › e2e/tests/11-system360-canary.spec.ts:390:7 › Lot 6 — authenticated System 360 canary › four honest projections preserve one System and deployed revision 

    Error: govern needs one primitive API fact comparable with the UI

    [2mexpect([22m[31mreceived[39m[2m).[22mtoBeTruthy[2m()[22m

    Received: [31mundefined[39m

      503 |           && formatPrimitive(row.fact.value) !== null,
      504 |       );
    > 505 |       expect(located, `${lens} needs one primitive API fact comparable with the UI`).toBeTruthy();
          |                                                                                      ^
      506 |       return [lens, located as LocatedFact];
      507 |     })) as Record<Lens, LocatedFact>;
      508 |
        at map (/opt/agentium-protected-runner/repos/omnirag/frontend-ng/e2e/tests/11-system360-canary.spec.ts:505:86)
        at /opt/agentium-protected-runner/repos/omnirag/frontend-ng/e2e/tests/11-system360-canary.spec.ts:499:47

    Error Context: ../../../../../tmp/iteration-canaries-20260917T091720Z.t9Flfz/playwright-output/11-system360-canary-Lot-6--c23ef-ystem-and-deployed-revision-chromium/error-context.md

  1 failed
    [chromium] › e2e/tests/11-system360-canary.spec.ts:390:7 › Lot 6 — authenticated System 360 canary › four honest projections preserve one System and deployed revision 
  2 skipped
  9 passed (2.1m)
