DEPRECATED: The legacy builder is deprecated and will be removed in a future release.
            Install the buildx component to build images with BuildKit:
            https://docs.docker.com/go/buildx/

Sending build context to Docker daemon  211.4MB
Step 1/16 : FROM node:22-bookworm-slim AS build
 ---> 6c74791e557c
Step 2/16 : WORKDIR /app/frontend-ng
 ---> Using cache
 ---> 051cae3062c4
Step 3/16 : COPY frontend-ng/package.json frontend-ng/package-lock.json ./
 ---> Using cache
 ---> 83c6c7721d8d
Step 4/16 : RUN npm ci
 ---> Using cache
 ---> 4123d1894a4e
Step 5/16 : ARG AGENTIUM_IMAGE_REVISION=unknown
 ---> Using cache
 ---> 95237460c2fd
Step 6/16 : ENV AGENTIUM_IMAGE_REVISION=${AGENTIUM_IMAGE_REVISION}
 ---> Running in d5058b286e3f
 ---> Removed intermediate container d5058b286e3f
 ---> 31099d37e42f
Step 7/16 : COPY frontend-ng/ ./
 ---> 841927148aff
Step 8/16 : RUN node scripts/write-build-info.mjs
 ---> Running in 4b24c2b01d9a
 ---> Removed intermediate container 4b24c2b01d9a
 ---> 8c50d89d868b
Step 9/16 : RUN npm run build:prod
 ---> Running in 1bf4a082cf07

> agentium@0.1.0 build:prod
> ng build -c production

❯ Building...
✔ Building...
Initial chunk files | Names                                |  Raw size | Estimated transfer size
chunk-G5RR5WUK.js   | -                                    | 202.60 kB |                60.66 kB
chunk-EM26RP5U.js   | -                                    | 176.95 kB |                52.24 kB
styles-S6CERU4C.css | styles                               | 145.05 kB |                21.67 kB
chunk-M2TYNWK3.js   | -                                    |  73.90 kB |                18.44 kB
chunk-S7OG356U.js   | -                                    |  51.56 kB |                13.00 kB
chunk-5YF33AQL.js   | -                                    |  40.61 kB |                 9.40 kB
chunk-VNPFQBFV.js   | -                                    |  27.97 kB |                 7.96 kB
chunk-YLVU3QC2.js   | -                                    |  25.62 kB |                 5.90 kB
main-AZK2CPC7.js    | main                                 |  24.97 kB |                 7.57 kB
chunk-CHREAMIH.js   | -                                    |  19.67 kB |                 4.23 kB
chunk-UXWFGAKG.js   | -                                    |  17.75 kB |                 5.25 kB
chunk-X5CQW63A.js   | -                                    |  17.13 kB |                 5.44 kB
chunk-KQNI3IFX.js   | -                                    |  13.01 kB |                 4.08 kB
chunk-3IBRANIQ.js   | -                                    |  10.71 kB |                 3.01 kB
chunk-YW7FAEYR.js   | -                                    |  10.20 kB |                 3.05 kB
chunk-MI3BA3AK.js   | -                                    |   8.26 kB |                 1.93 kB
chunk-MLX23HCS.js   | -                                    |   6.98 kB |                 2.34 kB
chunk-DUKSTT3K.js   | -                                    |   3.98 kB |                 1.05 kB
chunk-TQFKL5LA.js   | -                                    |   3.34 kB |                 1.37 kB
chunk-J5E2USO6.js   | -                                    |   1.58 kB |               595 bytes
chunk-VB56BUGO.js   | -                                    |   1.38 kB |               602 bytes
chunk-AF5QAODL.js   | -                                    |   1.30 kB |               566 bytes
chunk-BK3G64TG.js   | -                                    |   1.17 kB |               394 bytes
chunk-NQ3ICPPM.js   | -                                    |   1.10 kB |               450 bytes
chunk-POGUFIQN.js   | -                                    | 800 bytes |               800 bytes
chunk-LZRWJKIA.js   | -                                    | 547 bytes |               547 bytes
chunk-VOUCEP4X.js   | -                                    | 461 bytes |               461 bytes
chunk-KTDHJJS7.js   | -                                    | 446 bytes |               446 bytes

                    | Initial total                        | 889.04 kB |               233.45 kB

Lazy chunk files    | Names                                |  Raw size | Estimated transfer size
chunk-4TLQ2AVI.js   | -                                    |   1.13 MB |               203.53 kB
chunk-FW53LTIO.js   | flow-builder-component               |   1.06 MB |               198.84 kB
chunk-DWFSV735.js   | maplibre-gl                          |   1.04 MB |               231.15 kB
chunk-7O4YHXGA.js   | -                                    | 932.01 kB |               121.20 kB
chunk-KBF6OMFO.js   | livekit-client-esm                   | 523.05 kB |               113.89 kB
chunk-DPQQX2VZ.js   | mission-room-provider-host-component | 411.34 kB |                71.53 kB
chunk-SBIT7SCQ.js   | -                                    | 406.02 kB |               100.62 kB
chunk-4UCRQF7Q.js   | knowledge-capture-component          | 387.57 kB |                67.44 kB
chunk-WB3ZDRYQ.js   | -                                    | 300.83 kB |                56.02 kB
chunk-K5UXTWAV.js   | capture-fil-shell-component          | 274.31 kB |                48.30 kB
chunk-QBKLVZJB.js   | -                                    | 211.94 kB |                49.63 kB
chunk-4KCCSJFA.js   | -                                    | 200.91 kB |                56.61 kB
chunk-5DYXZ3ZV.js   | editor-component                     | 188.68 kB |                30.08 kB
chunk-VPPY5DU7.js   | system-view-component                | 163.68 kB |                34.92 kB
chunk-ZJWWUWIV.js   | index                                | 159.25 kB |                35.46 kB
...and 204 more lazy chunks files. Use "--verbose" to show all the files.

Application bundle generation complete. [76.762 seconds] - 2026-09-17T09:15:23.694Z

[91m▲ [WARNING] NG8102: The left side of this nullish coalescing operation does not include 'null' or 'undefined' in its type, therefore the '??' operator can be safely removed. [plugin angular-compiler]

    src/app/features/experience/work/work-shell.component.ts:213:33:
      213 │                         [value]="reasons()[run.id] ?? ''"
          ╵                                  ~~~~~~~~~~~~~~~~~~~~~~~


▲ [WARNING] NG8107: The left side of this optional chain operation does not include 'null' or 'undefined' in its type, therefore the '?.' operator can be replaced with the '.' operator. [plugin angular-compiler]

    src/app/features/mission-room/vp-map-preview.component.ts:268:63:
      268 │ ...  {{ vessels.length }}/{{ vesselsResponse.vessels?.length || 0 }}
          ╵                                                       ~~~~~~


▲ [WARNING] NG8107: The left side of this optional chain operation does not include 'null' or 'undefined' in its type, therefore the '?.' operator can be replaced with the '.' operator. [plugin angular-compiler]

    src/app/features/observability/quality-evidence-charts.component.ts:18:74:
      18 │ ...point.y" [attr.r]="selected()?.id===point.row.id?9:6" class="po...
         ╵                                   ~~


▲ [WARNING] NG8107: The left side of this optional chain operation does not include 'null' or 'undefined' in its type, therefore the '?.' operator can be replaced with the '.' operator. [plugin angular-compiler]

    src/app/features/observability/quality-evidence-charts.component.ts:26:102:
      26 │ ...l" [class.active]="selected()?.id===row.id" [class.absent]="val...
         ╵                                   ~~


▲ [WARNING] bundle initial exceeded maximum budget. Budget 500.00 kB was not met by 389.04 kB with a total of 889.04 kB.


▲ [WARNING] angular:styles/component:css;38f2d40a4c30bb781702f226823093d6d860156924dd046ad122d90fa0eaecb4;/app/frontend-ng/src/app/features/chat/chat-panel.component.ts exceeded maximum budget. Budget 24.00 kB was not met by 4.85 kB with a total of 28.85 kB.


▲ [WARNING] angular:styles/component:css;47012a13bd38476ceac9cce34114efc0f041815268bd4a462f4509aa8c474c89;/app/frontend-ng/src/app/features/mission-room/mission-room.component.ts exceeded maximum budget. Budget 24.00 kB was not met by 23.97 kB with a total of 47.97 kB.


▲ [WARNING] Module 'maplibre-gl' used by 'src/app/features/mission-room/workspace-map.component.ts' is not ESM

  CommonJS or AMD dependencies can cause optimization bailouts.
  For more information see: https://angular.dev/tools/cli/build#configuring-commonjs-dependencies


▲ [WARNING] Module 'dagre' used by 'node_modules/@foblex/flow-dagre-layout/fesm2022/foblex-flow-dagre-layout.mjs' is not ESM

  CommonJS or AMD dependencies can cause optimization bailouts.
  For more information see: https://angular.dev/tools/cli/build#configuring-commonjs-dependencies


▲ [WARNING] Module 'earcut' used by 'node_modules/@deck.gl/layers/dist/solid-polygon-layer/polygon.js' is not ESM

  CommonJS or AMD dependencies can cause optimization bailouts.
  For more information see: https://angular.dev/tools/cli/build#configuring-commonjs-dependencies


[0mOutput location: /app/frontend-ng/dist/agentium

 ---> Removed intermediate container 1bf4a082cf07
 ---> 29d5584f89c5
Step 10/16 : FROM nginxinc/nginx-unprivileged:1.27-alpine
 ---> 65e3e85dbaed
Step 11/16 : COPY docker/nginx/agentium-frontend.conf /etc/nginx/conf.d/default.conf
 ---> Using cache
 ---> 022e43fbfb4b
Step 12/16 : COPY --from=build /app/frontend-ng/dist/agentium/browser /usr/share/nginx/html
 ---> 14ebf15f0bd1
Step 13/16 : EXPOSE 8080
 ---> Running in 70f19ecab17b
 ---> Removed intermediate container 70f19ecab17b
 ---> 7904721ba7aa
Step 14/16 : ARG AGENTIUM_IMAGE_REVISION=unknown
 ---> Running in 7909821b6fa9
 ---> Removed intermediate container 7909821b6fa9
 ---> d2105dcd230f
Step 15/16 : LABEL org.opencontainers.image.revision="${AGENTIUM_IMAGE_REVISION}"
 ---> Running in 9a3685d21cba
 ---> Removed intermediate container 9a3685d21cba
 ---> 68b2d7596b7f
Step 16/16 : CMD ["nginx", "-g", "daemon off;"]
 ---> Running in 63241f3cfbd6
 ---> Removed intermediate container 63241f3cfbd6
 ---> a260da1d2ec2
[Warning] One or more build-args [PIP_INDEX_URL USER_GID USER_UID] were not consumed
Successfully built a260da1d2ec2
Successfully tagged agentium-frontend:43a33dcd8cc8
