
Running 12 tests using 1 worker

  ✘   1 [chromium] › e2e/tests/11-system360-canary.spec.ts:381:7 › Lot 6 — authenticated System 360 canary › four honest projections preserve one System and deployed revision (231ms)
  ✘   2 [chromium] › e2e/tests/12-protected-runner-canaries.spec.ts:813:7 › Release A — protected runner content-free canaries › business application routes and Client360 dry-run (224ms)
  -   3 [chromium] › e2e/tests/12-protected-runner-canaries.spec.ts:862:9 › Release A — protected runner content-free canaries › sentinel branding and action packs stay isolated
  -   4 [chromium] › e2e/tests/12-protected-runner-canaries.spec.ts:862:9 › Release A — protected runner content-free canaries › octocity branding and action packs stay isolated
  -   5 [chromium] › e2e/tests/12-protected-runner-canaries.spec.ts:880:7 › Release A — protected runner content-free canaries › authenticated LiveKit config exposes state without a token
  -   6 [chromium] › e2e/tests/12-protected-runner-canaries.spec.ts:895:7 › Release A — protected runner content-free canaries › microphone is not granted while Capture remains accessible
  ✘   7 [chromium] › e2e/tests/16-experience-work-canary.spec.ts:52:7 › US-8 — Experience /work canary › opens the launcher or a deployed app without cockpit chrome (219ms)
  -   8 [chromium] › e2e/tests/16-experience-work-canary.spec.ts:157:7 › Adoption local contract › keeps a non-modal companion through navigation and serves bilingual guides
  -   9 [chromium] › e2e/tests/16-experience-work-canary.spec.ts:237:7 › White labelling local contract › edits workspace identity, persists it and renders an application from its release
  ✓  10 [chromium] › e2e/tests/17-experience-studio-canary.spec.ts:288:7 › US-8 — Experience Studio lifecycle canary › creates, saves, checks and releases a real application from scratch (41.6s)
  ✓  11 [chromium] › e2e/tests/20-hypervisor-v2-canary.spec.ts:266:7 › Hypervisor V2 — instrumented ledger canary › flag off keeps V1; flag on serves the tonal ledger, facets, honesty (8.8s)
  ✓  12 [chromium] › e2e/tests/23-observability-evidence-canary.spec.ts:6:5 › evaluation and chart inspection retain the exact Run (8.8s)


  1) [chromium] › e2e/tests/11-system360-canary.spec.ts:381:7 › Lot 6 — authenticated System 360 canary › four honest projections preserve one System and deployed revision 

    Error: /api/v1/build-info must be readable

    [2mexpect([22m[31mreceived[39m[2m).[22mtoBe[2m([22m[32mexpected[39m[2m) // Object.is equality[22m

    Expected: [32mtrue[39m
    Received: [31mfalse[39m

      300 |     headers: { Accept: 'application/json', 'Cache-Control': 'no-cache' },
      301 |   });
    > 302 |   expect(response.ok(), `${path} must be readable`).toBe(true);
          |                                                     ^
      303 |   return response.json() as Promise<BuildInfo>;
      304 | }
      305 |
        at buildInfo (/opt/agentium-protected-runner/repos/omnirag/frontend-ng/e2e/tests/11-system360-canary.spec.ts:302:53)
        at /opt/agentium-protected-runner/repos/omnirag/frontend-ng/e2e/tests/11-system360-canary.spec.ts:383:26

    Error Context: ../../../../../tmp/iteration-canaries-20260917T010636Z.O3uz4C/playwright-output/11-system360-canary-Lot-6--c23ef-ystem-and-deployed-revision-chromium/error-context.md

  2) [chromium] › e2e/tests/12-protected-runner-canaries.spec.ts:813:7 › Release A — protected runner content-free canaries › business application routes and Client360 dry-run 

    Error: backend build-info must match E2E_EXPECTED_SHA exactly

    [2mexpect([22m[31mreceived[39m[2m).[22mtoBe[2m([22m[32mexpected[39m[2m) // Object.is equality[22m

    Expected: [32mtrue[39m
    Received: [31mfalse[39m

      380 |     inspect('/build-info.json', 'frontend'),
      381 |   ]);
    > 382 |   expect(backend, 'backend build-info must match E2E_EXPECTED_SHA exactly').toBe(true);
          |                                                                             ^
      383 |   expect(frontend, 'frontend build-info must match E2E_EXPECTED_SHA exactly').toBe(true);
      384 |   return {
      385 |     backend_build_info_exact: true,
        at buildChecks (/opt/agentium-protected-runner/repos/omnirag/frontend-ng/e2e/tests/12-protected-runner-canaries.spec.ts:382:77)
        at /opt/agentium-protected-runner/repos/omnirag/frontend-ng/e2e/tests/12-protected-runner-canaries.spec.ts:815:20

    Error Context: ../../../../../tmp/iteration-canaries-20260917T010636Z.O3uz4C/playwright-output/12-protected-runner-canari-e7731-outes-and-Client360-dry-run-chromium/error-context.md

  3) [chromium] › e2e/tests/16-experience-work-canary.spec.ts:52:7 › US-8 — Experience /work canary › opens the launcher or a deployed app without cockpit chrome 

    Error: /api/v1/build-info must be readable

    [2mexpect([22m[31mreceived[39m[2m).[22mtoBe[2m([22m[32mexpected[39m[2m) // Object.is equality[22m

    Expected: [32mtrue[39m
    Received: [31mfalse[39m

       at ../fixtures/experience-canary.ts:214

      212 |       headers: { Accept: 'application/json', 'Cache-Control': 'no-cache' },
      213 |     });
    > 214 |     expect(response.ok(), `${path} must be readable`).toBe(true);
          |                                                       ^
      215 |     expect(await response.json()).toMatchObject({ revision: expectedSha, revision_verified: true });
      216 |   }
      217 | }
        at assertDeployedRevision (/opt/agentium-protected-runner/repos/omnirag/frontend-ng/e2e/fixtures/experience-canary.ts:214:55)
        at /opt/agentium-protected-runner/repos/omnirag/frontend-ng/e2e/tests/16-experience-work-canary.spec.ts:54:5

    Error Context: ../../../../../tmp/iteration-canaries-20260917T010636Z.O3uz4C/playwright-output/16-experience-work-canary--dc30f--app-without-cockpit-chrome-chromium/error-context.md

  3 failed
    [chromium] › e2e/tests/11-system360-canary.spec.ts:381:7 › Lot 6 — authenticated System 360 canary › four honest projections preserve one System and deployed revision 
    [chromium] › e2e/tests/12-protected-runner-canaries.spec.ts:813:7 › Release A — protected runner content-free canaries › business application routes and Client360 dry-run 
    [chromium] › e2e/tests/16-experience-work-canary.spec.ts:52:7 › US-8 — Experience /work canary › opens the launcher or a deployed app without cockpit chrome 
  2 skipped
  4 did not run
  3 passed (1.1m)
