
Running 46 tests using 1 worker

(node:77363) Warning: The 'NO_COLOR' env is ignored due to the 'FORCE_COLOR' env being set.
(Use `node --trace-warnings ...` to show where the warning was created)
(node:77363) Warning: The 'NO_COLOR' env is ignored due to the 'FORCE_COLOR' env being set.
(Use `node --trace-warnings ...` to show where the warning was created)
  ✓   1 [chromium] › e2e/tests/21-hypervisor-v2-mocked-visual.spec.ts:652:7 › Hypervisor V2 — mocked visual › dense and sparse, dark and light, four facets (34.0s)
  ✓   2 [chromium] › e2e/tests/21-hypervisor-v2-mocked-visual.spec.ts:731:7 › Hypervisor V2 — mocked visual › L13b Impact agenda view binds live Mission Room blocks (1.1s)
  ✓   3 [chromium] › e2e/tests/21-hypervisor-v2-mocked-visual.spec.ts:748:7 › Hypervisor V2 — mocked visual › L13b Impact views — agenda, veille, securite, reunion, carte (3.9s)
  ✓   4 [chromium] › e2e/tests/21-hypervisor-v2-mocked-visual.spec.ts:780:7 › Hypervisor V2 — mocked visual › L13b Réunion en thème Présentation (1.1s)
  ✓   5 [chromium] › e2e/tests/21-hypervisor-v2-mocked-visual.spec.ts:801:7 › Hypervisor V2 — mocked visual › L13b carte with external tiles disabled emits no third-party tile requests (684ms)
  ✓   6 [chromium] › e2e/tests/21-hypervisor-v2-mocked-visual.spec.ts:845:9 › Hypervisor V2 — L24 honest labels and per-block degraded state › hero wording, ratio in Coûts, one failed source (dark) (3.6s)
  ✓   7 [chromium] › e2e/tests/21-hypervisor-v2-mocked-visual.spec.ts:845:9 › Hypervisor V2 — L24 honest labels and per-block degraded state › hero wording, ratio in Coûts, one failed source (light) (3.7s)
  ✓   8 [chromium] › e2e/tests/21-hypervisor-v2-mocked-visual.spec.ts:907:9 › Hypervisor V2 — L28 Synthèse W2-v5 › command band, day locked from the keyboard, axe (dark) (4.9s)
  ✓   9 [chromium] › e2e/tests/21-hypervisor-v2-mocked-visual.spec.ts:907:9 › Hypervisor V2 — L28 Synthèse W2-v5 › command band, day locked from the keyboard, axe (light) (4.9s)
  ✓  10 [chromium] › e2e/tests/21-hypervisor-v2-mocked-visual.spec.ts:1004:9 › Hypervisor V2 — L29 Présentation W2-v6 › enter by « Présenter », lock a day on the strip, Escape twice, axe (dark) (5.0s)
  ✓  11 [chromium] › e2e/tests/21-hypervisor-v2-mocked-visual.spec.ts:1004:9 › Hypervisor V2 — L29 Présentation W2-v6 › enter by « Présenter », lock a day on the strip, Escape twice, axe (light) (4.9s)
  ✓  12 [chromium] › e2e/tests/21-hypervisor-v2-mocked-visual.spec.ts:1114:7 › Hypervisor V2 — L29 Présentation W2-v6 › shared link, reduced motion: the needle appears without drawing in (1.0s)
  ✓  13 [chromium] › e2e/tests/21-hypervisor-v2-mocked-visual.spec.ts:1133:9 › Hypervisor V2 — L29 Présentation W2-v6 › L31 — no pending decision reads « aucune », with nothing to open; axe (dark) (2.2s)
  ✓  14 [chromium] › e2e/tests/21-hypervisor-v2-mocked-visual.spec.ts:1133:9 › Hypervisor V2 — L29 Présentation W2-v6 › L31 — no pending decision reads « aucune », with nothing to open; axe (light) (2.1s)
  ✓  15 [chromium] › e2e/tests/21-hypervisor-v2-mocked-visual.spec.ts:1199:11 › L38 — Mission Room availability › views, accents, URL recovery and axe (dark, Mission Room=false) (2.3s)
  ✓  16 [chromium] › e2e/tests/21-hypervisor-v2-mocked-visual.spec.ts:1199:11 › L38 — Mission Room availability › views, accents, URL recovery and axe (dark, Mission Room=true) (2.3s)
  ✓  17 [chromium] › e2e/tests/21-hypervisor-v2-mocked-visual.spec.ts:1199:11 › L38 — Mission Room availability › views, accents, URL recovery and axe (light, Mission Room=false) (2.9s)
  ✓  18 [chromium] › e2e/tests/21-hypervisor-v2-mocked-visual.spec.ts:1199:11 › L38 — Mission Room availability › views, accents, URL recovery and axe (light, Mission Room=true) (5.4s)
(node:78676) Warning: The 'NO_COLOR' env is ignored due to the 'FORCE_COLOR' env being set.
(Use `node --trace-warnings ...` to show where the warning was created)
(node:78676) Warning: The 'NO_COLOR' env is ignored due to the 'FORCE_COLOR' env being set.
(Use `node --trace-warnings ...` to show where the warning was created)
  ✓  19 [chromium] › e2e/tests/24-chrome-v2-mocked.spec.ts:183:7 › L1 — swallowed gestures › the sommaire goes from Data to Models and marks only the open one (2.8s)
  ✓  20 [chromium] › e2e/tests/24-chrome-v2-mocked.spec.ts:200:7 › L1 — swallowed gestures › the active item leads back to its list, then to the top of it (4.2s)
  ✓  21 [chromium] › e2e/tests/24-chrome-v2-mocked.spec.ts:218:7 › L1 — swallowed gestures › ⌘Z undoes on the canvas and zooms out from the chrome (7.4s)
  ✓  22 [chromium] › e2e/tests/24-chrome-v2-mocked.spec.ts:272:7 › L3 — route focus on the title › Enter on a rail item focuses the h1 without a ring; Tab shows a 2px ring (4.1s)
  ✓  23 [chromium] › e2e/tests/24-chrome-v2-mocked.spec.ts:301:7 › L3 — route focus on the title › axe-core finds no violations on Impact, Create and Monitor (11.3s)
  ✓  24 [chromium] › e2e/tests/24-chrome-v2-mocked.spec.ts:432:7 › Chrome v2 — mocked › L4 — titles in Space Grotesk, text in IBM Plex Sans, no Inter nor JetBrains Mono (2.5s)
  ✓  25 [chromium] › e2e/tests/24-chrome-v2-mocked.spec.ts:458:7 › Chrome v2 — mocked › L6/L27 — hidden labels: icon rail stays 56px, tooltip on Tab, Escape closes, no link-name (3.0s)
  ✓  26 [chromium] › e2e/tests/24-chrome-v2-mocked.spec.ts:503:7 › Chrome v2 — mocked › L27 — before the preference is known the rail never flashes labels (2.0s)
  ✓  27 [chromium] › e2e/tests/24-chrome-v2-mocked.spec.ts:521:9 › Chrome v2 — mocked › L27 — a newcomer's labelled rail pushes the content, names = labels, axe clean (dark) (6.0s)
  ✓  28 [chromium] › e2e/tests/24-chrome-v2-mocked.spec.ts:521:9 › Chrome v2 — mocked › L27 — a newcomer's labelled rail pushes the content, names = labels, axe clean (light) (5.3s)
  ✓  29 [chromium] › e2e/tests/24-chrome-v2-mocked.spec.ts:578:7 › Chrome v2 — mocked › L27 — the toggle saves at once, by keyboard, and a failed save reverts politely (2.5s)
  ✓  30 [chromium] › e2e/tests/24-chrome-v2-mocked.spec.ts:619:9 › Chrome v2 — mocked › L27 — ⌘K asks the agent when nothing matches and defines lexicon terms (dark) (5.2s)
  ✓  31 [chromium] › e2e/tests/24-chrome-v2-mocked.spec.ts:619:9 › Chrome v2 — mocked › L27 — ⌘K asks the agent when nothing matches and defines lexicon terms (light) (2.8s)
  ✓  32 [chromium] › e2e/tests/24-chrome-v2-mocked.spec.ts:669:7 › L5 — chrome ratchet / reduced-motion orb › reduced-motion freezes the auth thinking orb across 500 ms (1.5s)
  ✓  33 [chromium] › e2e/tests/24-chrome-v2-mocked.spec.ts:765:9 › L30 — chat overlay: sourced thread and open proof › ⌘J, a streamed answer, citation [1] opened by keyboard, Escape gives focus back (dark) (6.8s)
  ✓  34 [chromium] › e2e/tests/24-chrome-v2-mocked.spec.ts:765:9 › L30 — chat overlay: sourced thread and open proof › ⌘J, a streamed answer, citation [1] opened by keyboard, Escape gives focus back (light) (6.1s)
  ✓  35 [chromium] › e2e/tests/24-chrome-v2-mocked.spec.ts:896:9 › L31 — sentence case, one filled button, honest bottom bar › /systems reads in sentence case with a single filled button; axe (dark) (2.3s)
  ✓  36 [chromium] › e2e/tests/24-chrome-v2-mocked.spec.ts:896:9 › L31 — sentence case, one filled button, honest bottom bar › /systems reads in sentence case with a single filled button; axe (light) (2.6s)
  ✓  37 [chromium] › e2e/tests/24-chrome-v2-mocked.spec.ts:933:7 › L31 — sentence case, one filled button, honest bottom bar › a builder keeps a compact context control beside the scope, no « Avancé » (1.2s)
  ✓  38 [chromium] › e2e/tests/24-chrome-v2-mocked.spec.ts:1083:9 › L34 — getting started on the client’s own documents › a ready collection: choose it, see its counts, ask, confirm — the decision is recorded (light) (4.6s)
  ✓  39 [chromium] › e2e/tests/24-chrome-v2-mocked.spec.ts:1153:9 › L34 — getting started on the client’s own documents › no readable collection: no card on the Work home, the page explains (light) (2.2s)
  ✓  40 [chromium] › e2e/tests/24-chrome-v2-mocked.spec.ts:1083:9 › L34 — getting started on the client’s own documents › a ready collection: choose it, see its counts, ask, confirm — the decision is recorded (dark) (3.8s)
  ✓  41 [chromium] › e2e/tests/24-chrome-v2-mocked.spec.ts:1153:9 › L34 — getting started on the client’s own documents › no readable collection: no card on the Work home, the page explains (dark) (1.7s)
  ✓  42 [chromium] › e2e/tests/24-chrome-v2-mocked.spec.ts:1331:9 › L36 — cited sources readable in place in Work › getting started: citation 1 opens its passage and page, keyboard to source 2, Escape back, a deleted source says so (light) (13.6s)
  ✓  43 [chromium] › e2e/tests/24-chrome-v2-mocked.spec.ts:1331:9 › L36 — cited sources readable in place in Work › getting started: citation 1 opens its passage and page, keyboard to source 2, Escape back, a deleted source says so (dark) (14.0s)
  ✓  44 [chromium] › e2e/tests/24-chrome-v2-mocked.spec.ts:1511:7 › L36 — cited sources readable in place in Work › the chat opened from Work reads sources in place, with no Cockpit link (4.1s)
  ✓  45 [chromium] › e2e/tests/24-chrome-v2-mocked.spec.ts:1560:9 › L38 — French System and Flow history › System, version history and error copy, axe (dark) (6.0s)
  ✓  46 [chromium] › e2e/tests/24-chrome-v2-mocked.spec.ts:1560:9 › L38 — French System and Flow history › System, version history and error copy, axe (light) (5.9s)

  46 passed (3.8m)
